<html>
<body>
<pre>
<h1>µVision Build Log</h1>
<h2>Tool Versions:</h2>
IDE-Version: µVision V5.43.1.0
Copyright (C) 2025 ARM Ltd and ARM Germany GmbH. All rights reserved.
License Information: DUC NGOC, DUT, LIC=----
 
Tool Versions:
Toolchain:       MDK-Lite  Version: 5.43.0.0
Toolchain Path:  C:\TAIVE\Keil\ARM\ARMCLANG\Bin
C Compiler:      ArmClang.exe V6.24
Assembler:       Armasm.exe V6.24
Linker/Locator:  ArmLink.exe V6.24
Library Manager: ArmAr.exe V6.24
Hex Converter:   FromElf.exe V6.24
CPU DLL:         SARMCM3.DLL V5.43.0.0
Dialog DLL:      DCM.DLL V1.17.5.0
Target DLL:      UL2CM3.DLL V1.164.16.0
Dialog DLL:      TCM.DLL V1.56.6.0
 
<h2>Project:</h2>
D:\GIAO TIEP VI XU LI\PROJECT\PROJECT_STM32F411\STM32F411.uvprojx
Project File Date:  03/01/2026

<h2>Output:</h2>
*** Using Compiler 'V6.24', folder: 'C:\TAIVE\Keil\ARM\ARMCLANG\Bin'
Build target 'Target_1'
GPIO.c(53): warning: incompatible pointer types passing 'GPIO_TypeDef *' to parameter of type 'GPIO_TYPE *' [-Wincompatible-pointer-types]
   53 |         GPIO_SET_MODE (GPIOA ,0 , GPIO_MODE_ANALOG );
      |                        ^~~~~
C:/TAIVE/Keil/Keil/STM32F4xx_DFP/2.17.1/Drivers/CMSIS/Device/ST/STM32F4xx/Include\stm32f411xe.h(782): note: expanded from macro 'GPIOA'
  782 | #define GPIOA               ((GPIO_TypeDef *) GPIOA_BASE)
      |                             ^~~~~~~~~~~~~~~~~~~~~~~~~~~~~
GPIO.c(4): note: passing argument to parameter 'GPIOx' here
    4 | void GPIO_SET_MODE (GPIO_TYPE *GPIOx, uint8_t pin,uint8_t mode)
      |                                ^
GPIO.c(54): warning: incompatible pointer types passing 'GPIO_TypeDef *' to parameter of type 'GPIO_TYPE *' [-Wincompatible-pointer-types]
   54 |         GPIO_SET_MODE (GPIOA ,1 , GPIO_MODE_ANALOG );
      |                        ^~~~~
C:/TAIVE/Keil/Keil/STM32F4xx_DFP/2.17.1/Drivers/CMSIS/Device/ST/STM32F4xx/Include\stm32f411xe.h(782): note: expanded from macro 'GPIOA'
  782 | #define GPIOA               ((GPIO_TypeDef *) GPIOA_BASE)
      |                             ^~~~~~~~~~~~~~~~~~~~~~~~~~~~~
GPIO.c(4): note: passing argument to parameter 'GPIOx' here
    4 | void GPIO_SET_MODE (GPIO_TYPE *GPIOx, uint8_t pin,uint8_t mode)
      |                                ^
GPIO.c(55): warning: incompatible pointer types passing 'GPIO_TypeDef *' to parameter of type 'GPIO_TYPE *' [-Wincompatible-pointer-types]
   55 |         GPIO_SET_MODE (GPIOA ,2 , GPIO_MODE_ANALOG );
      |                        ^~~~~
C:/TAIVE/Keil/Keil/STM32F4xx_DFP/2.17.1/Drivers/CMSIS/Device/ST/STM32F4xx/Include\stm32f411xe.h(782): note: expanded from macro 'GPIOA'
  782 | #define GPIOA               ((GPIO_TypeDef *) GPIOA_BASE)
      |                             ^~~~~~~~~~~~~~~~~~~~~~~~~~~~~
GPIO.c(4): note: passing argument to parameter 'GPIOx' here
    4 | void GPIO_SET_MODE (GPIO_TYPE *GPIOx, uint8_t pin,uint8_t mode)
      |                                ^
GPIO.c(56): warning: incompatible pointer types passing 'GPIO_TypeDef *' to parameter of type 'GPIO_TYPE *' [-Wincompatible-pointer-types]
   56 |         GPIO_SET_MODE (GPIOA ,3 , GPIO_MODE_ANALOG );
      |                        ^~~~~
C:/TAIVE/Keil/Keil/STM32F4xx_DFP/2.17.1/Drivers/CMSIS/Device/ST/STM32F4xx/Include\stm32f411xe.h(782): note: expanded from macro 'GPIOA'
  782 | #define GPIOA               ((GPIO_TypeDef *) GPIOA_BASE)
      |                             ^~~~~~~~~~~~~~~~~~~~~~~~~~~~~
GPIO.c(4): note: passing argument to parameter 'GPIOx' here
    4 | void GPIO_SET_MODE (GPIO_TYPE *GPIOx, uint8_t pin,uint8_t mode)
      |                                ^
GPIO.c(57): warning: incompatible pointer types passing 'GPIO_TypeDef *' to parameter of type 'GPIO_TYPE *' [-Wincompatible-pointer-types]
   57 |         GPIO_Set_Pull(GPIOA, 0, GPIO_NO_UPDOWN);
      |                       ^~~~~
C:/TAIVE/Keil/Keil/STM32F4xx_DFP/2.17.1/Drivers/CMSIS/Device/ST/STM32F4xx/Include\stm32f411xe.h(782): note: expanded from macro 'GPIOA'
  782 | #define GPIOA               ((GPIO_TypeDef *) GPIOA_BASE)
      |                             ^~~~~~~~~~~~~~~~~~~~~~~~~~~~~
GPIO.c(25): note: passing argument to parameter 'GPIOx' here
   25 | void GPIO_Set_Pull      (GPIO_TYPE *GPIOx, uint8_t pin, uint8_t pull)
      |                                     ^
GPIO.c(58): warning: incompatible pointer types passing 'GPIO_TypeDef *' to parameter of type 'GPIO_TYPE *' [-Wincompatible-pointer-types]
   58 |         GPIO_Set_Pull(GPIOA, 1, GPIO_NO_UPDOWN);
      |                       ^~~~~
C:/TAIVE/Keil/Keil/STM32F4xx_DFP/2.17.1/Drivers/CMSIS/Device/ST/STM32F4xx/Include\stm32f411xe.h(782): note: expanded from macro 'GPIOA'
  782 | #define GPIOA               ((GPIO_TypeDef *) GPIOA_BASE)
      |                             ^~~~~~~~~~~~~~~~~~~~~~~~~~~~~
GPIO.c(25): note: passing argument to parameter 'GPIOx' here
   25 | void GPIO_Set_Pull      (GPIO_TYPE *GPIOx, uint8_t pin, uint8_t pull)
      |                                     ^
GPIO.c(59): warning: incompatible pointer types passing 'GPIO_TypeDef *' to parameter of type 'GPIO_TYPE *' [-Wincompatible-pointer-types]
   59 |         GPIO_Set_Pull(GPIOA, 2, GPIO_NO_UPDOWN);
      |                       ^~~~~
C:/TAIVE/Keil/Keil/STM32F4xx_DFP/2.17.1/Drivers/CMSIS/Device/ST/STM32F4xx/Include\stm32f411xe.h(782): note: expanded from macro 'GPIOA'
  782 | #define GPIOA               ((GPIO_TypeDef *) GPIOA_BASE)
      |                             ^~~~~~~~~~~~~~~~~~~~~~~~~~~~~
GPIO.c(25): note: passing argument to parameter 'GPIOx' here
   25 | void GPIO_Set_Pull      (GPIO_TYPE *GPIOx, uint8_t pin, uint8_t pull)
      |                                     ^
GPIO.c(60): warning: incompatible pointer types passing 'GPIO_TypeDef *' to parameter of type 'GPIO_TYPE *' [-Wincompatible-pointer-types]
   60 |         GPIO_Set_Pull(GPIOA, 3, GPIO_NO_UPDOWN);
      |                       ^~~~~
C:/TAIVE/Keil/Keil/STM32F4xx_DFP/2.17.1/Drivers/CMSIS/Device/ST/STM32F4xx/Include\stm32f411xe.h(782): note: expanded from macro 'GPIOA'
  782 | #define GPIOA               ((GPIO_TypeDef *) GPIOA_BASE)
      |                             ^~~~~~~~~~~~~~~~~~~~~~~~~~~~~
GPIO.c(25): note: passing argument to parameter 'GPIOx' here
   25 | void GPIO_Set_Pull      (GPIO_TYPE *GPIOx, uint8_t pin, uint8_t pull)
      |                                     ^
GPIO.c(65): warning: incompatible pointer types passing 'GPIO_TypeDef *' to parameter of type 'GPIO_TYPE *' [-Wincompatible-pointer-types]
   65 |         GPIO_SET_MODE (GPIOB,0,GPIO_MODE_OUTPUT );
      |                        ^~~~~
C:/TAIVE/Keil/Keil/STM32F4xx_DFP/2.17.1/Drivers/CMSIS/Device/ST/STM32F4xx/Include\stm32f411xe.h(783): note: expanded from macro 'GPIOB'
  783 | #define GPIOB               ((GPIO_TypeDef *) GPIOB_BASE)
      |                             ^~~~~~~~~~~~~~~~~~~~~~~~~~~~~
GPIO.c(4): note: passing argument to parameter 'GPIOx' here
    4 | void GPIO_SET_MODE (GPIO_TYPE *GPIOx, uint8_t pin,uint8_t mode)
      |                                ^
GPIO.c(66): warning: incompatible pointer types passing 'GPIO_TypeDef *' to parameter of type 'GPIO_TYPE *' [-Wincompatible-pointer-types]
   66 |         GPIO_SET_OUTPUT (GPIOB,0,GPIO_OUTPUT_PUSHPULL);
      |                          ^~~~~
C:/TAIVE/Keil/Keil/STM32F4xx_DFP/2.17.1/Drivers/CMSIS/Device/ST/STM32F4xx/Include\stm32f411xe.h(783): note: expanded from macro 'GPIOB'
  783 | #define GPIOB               ((GPIO_TypeDef *) GPIOB_BASE)
      |                             ^~~~~~~~~~~~~~~~~~~~~~~~~~~~~
GPIO.c(11): note: passing argument to parameter 'GPIOx' here
   11 | void GPIO_SET_OUTPUT ( GPIO_TYPE *GPIOx, uint8_t pin , uint8_t out)
      |                                   ^
GPIO.c(67): warning: incompatible pointer types passing 'GPIO_TypeDef *' to parameter of type 'GPIO_TYPE *' [-Wincompatible-pointer-types]
   67 |         GPIO_SET_SPEED(GPIOB,0,GPIO_SPEED_LOW);
      |                        ^~~~~
C:/TAIVE/Keil/Keil/STM32F4xx_DFP/2.17.1/Drivers/CMSIS/Device/ST/STM32F4xx/Include\stm32f411xe.h(783): note: expanded from macro 'GPIOB'
  783 | #define GPIOB               ((GPIO_TypeDef *) GPIOB_BASE)
      |                             ^~~~~~~~~~~~~~~~~~~~~~~~~~~~~
GPIO.c(18): note: passing argument to parameter 'GPIOx' here
   18 | void GPIO_SET_SPEED (GPIO_TYPE *GPIOx , uint8_t pin , uint8_t speed )
      |                                 ^
GPIO.c(68): warning: incompatible pointer types passing 'GPIO_TypeDef *' to parameter of type 'GPIO_TYPE *' [-Wincompatible-pointer-types]
   68 |         GPIO_Set_Pull(GPIOB, 0, GPIO_NO_UPDOWN);
      |                       ^~~~~
C:/TAIVE/Keil/Keil/STM32F4xx_DFP/2.17.1/Drivers/CMSIS/Device/ST/STM32F4xx/Include\stm32f411xe.h(783): note: expanded from macro 'GPIOB'
  783 | #define GPIOB               ((GPIO_TypeDef *) GPIOB_BASE)
      |                             ^~~~~~~~~~~~~~~~~~~~~~~~~~~~~
GPIO.c(25): note: passing argument to parameter 'GPIOx' here
   25 | void GPIO_Set_Pull      (GPIO_TYPE *GPIOx, uint8_t pin, uint8_t pull)
      |                                     ^
GPIO.c(83): warning: incompatible pointer types passing 'GPIO_TypeDef *' to parameter of type 'GPIO_TYPE *' [-Wincompatible-pointer-types]
   83 |         GPIO_SET_MODE (GPIOB,2,GPIO_MODE_OUTPUT );
      |                        ^~~~~
C:/TAIVE/Keil/Keil/STM32F4xx_DFP/2.17.1/Drivers/CMSIS/Device/ST/STM32F4xx/Include\stm32f411xe.h(783): note: expanded from macro 'GPIOB'
  783 | #define GPIOB               ((GPIO_TypeDef *) GPIOB_BASE)
      |                             ^~~~~~~~~~~~~~~~~~~~~~~~~~~~~
GPIO.c(4): note: passing argument to parameter 'GPIOx' here
    4 | void GPIO_SET_MODE (GPIO_TYPE *GPIOx, uint8_t pin,uint8_t mode)
      |                                ^
GPIO.c(84): warning: incompatible pointer types passing 'GPIO_TypeDef *' to parameter of type 'GPIO_TYPE *' [-Wincompatible-pointer-types]
   84 |         GPIO_SET_OUTPUT (GPIOB,2,GPIO_OUTPUT_PUSHPULL);
      |                          ^~~~~
C:/TAIVE/Keil/Keil/STM32F4xx_DFP/2.17.1/Drivers/CMSIS/Device/ST/STM32F4xx/Include\stm32f411xe.h(783): note: expanded from macro 'GPIOB'
  783 | #define GPIOB               ((GPIO_TypeDef *) GPIOB_BASE)
      |                             ^~~~~~~~~~~~~~~~~~~~~~~~~~~~~
GPIO.c(11): note: passing argument to parameter 'GPIOx' here
   11 | void GPIO_SET_OUTPUT ( GPIO_TYPE *GPIOx, uint8_t pin , uint8_t out)
      |                                   ^
GPIO.c(85): warning: incompatible pointer types passing 'GPIO_TypeDef *' to parameter of type 'GPIO_TYPE *' [-Wincompatible-pointer-types]
   85 |         GPIO_SET_SPEED(GPIOB,2,GPIO_SPEED_LOW);
      |                        ^~~~~
C:/TAIVE/Keil/Keil/STM32F4xx_DFP/2.17.1/Drivers/CMSIS/Device/ST/STM32F4xx/Include\stm32f411xe.h(783): note: expanded from macro 'GPIOB'
  783 | #define GPIOB               ((GPIO_TypeDef *) GPIOB_BASE)
      |                             ^~~~~~~~~~~~~~~~~~~~~~~~~~~~~
GPIO.c(18): note: passing argument to parameter 'GPIOx' here
   18 | void GPIO_SET_SPEED (GPIO_TYPE *GPIOx , uint8_t pin , uint8_t speed )
      |                                 ^
GPIO.c(86): warning: incompatible pointer types passing 'GPIO_TypeDef *' to parameter of type 'GPIO_TYPE *' [-Wincompatible-pointer-types]
   86 |         GPIO_Set_Pull(GPIOB, 2, GPIO_NO_UPDOWN);
      |                       ^~~~~
C:/TAIVE/Keil/Keil/STM32F4xx_DFP/2.17.1/Drivers/CMSIS/Device/ST/STM32F4xx/Include\stm32f411xe.h(783): note: expanded from macro 'GPIOB'
  783 | #define GPIOB               ((GPIO_TypeDef *) GPIOB_BASE)
      |                             ^~~~~~~~~~~~~~~~~~~~~~~~~~~~~
GPIO.c(25): note: passing argument to parameter 'GPIOx' here
   25 | void GPIO_Set_Pull      (GPIO_TYPE *GPIOx, uint8_t pin, uint8_t pull)
      |                                     ^
GPIO.c(100): warning: incompatible pointer types passing 'GPIO_TypeDef *' to parameter of type 'GPIO_TYPE *' [-Wincompatible-pointer-types]
  100 |         GPIO_SET_MODE (GPIOB,1,GPIO_MODE_OUTPUT );
      |                        ^~~~~
C:/TAIVE/Keil/Keil/STM32F4xx_DFP/2.17.1/Drivers/CMSIS/Device/ST/STM32F4xx/Include\stm32f411xe.h(783): note: expanded from macro 'GPIOB'
  783 | #define GPIOB               ((GPIO_TypeDef *) GPIOB_BASE)
      |                             ^~~~~~~~~~~~~~~~~~~~~~~~~~~~~
GPIO.c(4): note: passing argument to parameter 'GPIOx' here
    4 | void GPIO_SET_MODE (GPIO_TYPE *GPIOx, uint8_t pin,uint8_t mode)
      |                                ^
GPIO.c(101): warning: incompatible pointer types passing 'GPIO_TypeDef *' to parameter of type 'GPIO_TYPE *' [-Wincompatible-pointer-types]
  101 |         GPIO_SET_OUTPUT (GPIOB,1,GPIO_OUTPUT_PUSHPULL);
      |                          ^~~~~
C:/TAIVE/Keil/Keil/STM32F4xx_DFP/2.17.1/Drivers/CMSIS/Device/ST/STM32F4xx/Include\stm32f411xe.h(783): note: expanded from macro 'GPIOB'
  783 | #define GPIOB               ((GPIO_TypeDef *) GPIOB_BASE)
      |                             ^~~~~~~~~~~~~~~~~~~~~~~~~~~~~
GPIO.c(11): note: passing argument to parameter 'GPIOx' here
   11 | void GPIO_SET_OUTPUT ( GPIO_TYPE *GPIOx, uint8_t pin , uint8_t out)
      |                                   ^
GPIO.c(102): warning: incompatible pointer types passing 'GPIO_TypeDef *' to parameter of type 'GPIO_TYPE *' [-Wincompatible-pointer-types]
  102 |         GPIO_SET_SPEED(GPIOB,1,GPIO_SPEED_LOW);
      |                        ^~~~~
C:/TAIVE/Keil/Keil/STM32F4xx_DFP/2.17.1/Drivers/CMSIS/Device/ST/STM32F4xx/Include\stm32f411xe.h(783): note: expanded from macro 'GPIOB'
  783 | #define GPIOB               ((GPIO_TypeDef *) GPIOB_BASE)
      |                             ^~~~~~~~~~~~~~~~~~~~~~~~~~~~~
GPIO.c(18): note: passing argument to parameter 'GPIOx' here
   18 | void GPIO_SET_SPEED (GPIO_TYPE *GPIOx , uint8_t pin , uint8_t speed )
      |                                 ^
GPIO.c(103): warning: incompatible pointer types passing 'GPIO_TypeDef *' to parameter of type 'GPIO_TYPE *' [-Wincompatible-pointer-types]
  103 |         GPIO_Set_Pull(GPIOB, 1, GPIO_NO_UPDOWN);
      |                       ^~~~~
C:/TAIVE/Keil/Keil/STM32F4xx_DFP/2.17.1/Drivers/CMSIS/Device/ST/STM32F4xx/Include\stm32f411xe.h(783): note: expanded from macro 'GPIOB'
  783 | #define GPIOB               ((GPIO_TypeDef *) GPIOB_BASE)
      |                             ^~~~~~~~~~~~~~~~~~~~~~~~~~~~~
GPIO.c(25): note: passing argument to parameter 'GPIOx' here
   25 | void GPIO_Set_Pull      (GPIO_TYPE *GPIOx, uint8_t pin, uint8_t pull)
      |                                     ^
GPIO.c(119): warning: incompatible pointer types passing 'GPIO_TypeDef *' to parameter of type 'GPIO_TYPE *' [-Wincompatible-pointer-types]
  119 |         GPIO_SET_MODE (GPIOA,4,GPIO_MODE_AF); // NSS
      |                        ^~~~~
C:/TAIVE/Keil/Keil/STM32F4xx_DFP/2.17.1/Drivers/CMSIS/Device/ST/STM32F4xx/Include\stm32f411xe.h(782): note: expanded from macro 'GPIOA'
  782 | #define GPIOA               ((GPIO_TypeDef *) GPIOA_BASE)
      |                             ^~~~~~~~~~~~~~~~~~~~~~~~~~~~~
GPIO.c(4): note: passing argument to parameter 'GPIOx' here
    4 | void GPIO_SET_MODE (GPIO_TYPE *GPIOx, uint8_t pin,uint8_t mode)
      |                                ^
GPIO.c(120): warning: incompatible pointer types passing 'GPIO_TypeDef *' to parameter of type 'GPIO_TYPE *' [-Wincompatible-pointer-types]
  120 |         GPIO_SET_MODE (GPIOA,5,GPIO_MODE_AF); // SCK
      |                        ^~~~~
C:/TAIVE/Keil/Keil/STM32F4xx_DFP/2.17.1/Drivers/CMSIS/Device/ST/STM32F4xx/Include\stm32f411xe.h(782): note: expanded from macro 'GPIOA'
  782 | #define GPIOA               ((GPIO_TypeDef *) GPIOA_BASE)
      |                             ^~~~~~~~~~~~~~~~~~~~~~~~~~~~~
GPIO.c(4): note: passing argument to parameter 'GPIOx' here
    4 | void GPIO_SET_MODE (GPIO_TYPE *GPIOx, uint8_t pin,uint8_t mode)
      |                                ^
GPIO.c(121): warning: incompatible pointer types passing 'GPIO_TypeDef *' to parameter of type 'GPIO_TYPE *' [-Wincompatible-pointer-types]
  121 |         GPIO_SET_MODE (GPIOA,6,GPIO_MODE_AF); // MISO
      |                        ^~~~~
C:/TAIVE/Keil/Keil/STM32F4xx_DFP/2.17.1/Drivers/CMSIS/Device/ST/STM32F4xx/Include\stm32f411xe.h(782): note: expanded from macro 'GPIOA'
  782 | #define GPIOA               ((GPIO_TypeDef *) GPIOA_BASE)
      |                             ^~~~~~~~~~~~~~~~~~~~~~~~~~~~~
GPIO.c(4): note: passing argument to parameter 'GPIOx' here
    4 | void GPIO_SET_MODE (GPIO_TYPE *GPIOx, uint8_t pin,uint8_t mode)
      |                                ^
GPIO.c(122): warning: incompatible pointer types passing 'GPIO_TypeDef *' to parameter of type 'GPIO_TYPE *' [-Wincompatible-pointer-types]
  122 |         GPIO_SET_MODE (GPIOA,7,GPIO_MODE_AF); // MOSI
      |                        ^~~~~
C:/TAIVE/Keil/Keil/STM32F4xx_DFP/2.17.1/Drivers/CMSIS/Device/ST/STM32F4xx/Include\stm32f411xe.h(782): note: expanded from macro 'GPIOA'
  782 | #define GPIOA               ((GPIO_TypeDef *) GPIOA_BASE)
      |                             ^~~~~~~~~~~~~~~~~~~~~~~~~~~~~
GPIO.c(4): note: passing argument to parameter 'GPIOx' here
    4 | void GPIO_SET_MODE (GPIO_TYPE *GPIOx, uint8_t pin,uint8_t mode)
      |                                ^
GPIO.c(123): warning: incompatible pointer types passing 'GPIO_TypeDef *' to parameter of type 'GPIO_TYPE *' [-Wincompatible-pointer-types]
  123 |         GPIO_SetAF(GPIOA, 4,5);
      |                    ^~~~~
C:/TAIVE/Keil/Keil/STM32F4xx_DFP/2.17.1/Drivers/CMSIS/Device/ST/STM32F4xx/Include\stm32f411xe.h(782): note: expanded from macro 'GPIOA'
  782 | #define GPIOA               ((GPIO_TypeDef *) GPIOA_BASE)
      |                             ^~~~~~~~~~~~~~~~~~~~~~~~~~~~~
GPIO.c(32): note: passing argument to parameter 'GPIOx' here
   32 | void GPIO_SetAF(GPIO_TYPE *GPIOx, uint8_t pin, uint8_t AF)
      |                            ^
GPIO.c(124): warning: incompatible pointer types passing 'GPIO_TypeDef *' to parameter of type 'GPIO_TYPE *' [-Wincompatible-pointer-types]
  124 |         GPIO_SetAF(GPIOA, 5,5);
      |                    ^~~~~
C:/TAIVE/Keil/Keil/STM32F4xx_DFP/2.17.1/Drivers/CMSIS/Device/ST/STM32F4xx/Include\stm32f411xe.h(782): note: expanded from macro 'GPIOA'
  782 | #define GPIOA               ((GPIO_TypeDef *) GPIOA_BASE)
      |                             ^~~~~~~~~~~~~~~~~~~~~~~~~~~~~
GPIO.c(32): note: passing argument to parameter 'GPIOx' here
   32 | void GPIO_SetAF(GPIO_TYPE *GPIOx, uint8_t pin, uint8_t AF)
      |                            ^
GPIO.c(125): warning: incompatible pointer types passing 'GPIO_TypeDef *' to parameter of type 'GPIO_TYPE *' [-Wincompatible-pointer-types]
  125 |         GPIO_SetAF(GPIOA, 6,5);
      |                    ^~~~~
C:/TAIVE/Keil/Keil/STM32F4xx_DFP/2.17.1/Drivers/CMSIS/Device/ST/STM32F4xx/Include\stm32f411xe.h(782): note: expanded from macro 'GPIOA'
  782 | #define GPIOA               ((GPIO_TypeDef *) GPIOA_BASE)
      |                             ^~~~~~~~~~~~~~~~~~~~~~~~~~~~~
GPIO.c(32): note: passing argument to parameter 'GPIOx' here
   32 | void GPIO_SetAF(GPIO_TYPE *GPIOx, uint8_t pin, uint8_t AF)
      |                            ^
GPIO.c(126): warning: incompatible pointer types passing 'GPIO_TypeDef *' to parameter of type 'GPIO_TYPE *' [-Wincompatible-pointer-types]
  126 |         GPIO_SetAF(GPIOA, 7,5);
      |                    ^~~~~
C:/TAIVE/Keil/Keil/STM32F4xx_DFP/2.17.1/Drivers/CMSIS/Device/ST/STM32F4xx/Include\stm32f411xe.h(782): note: expanded from macro 'GPIOA'
  782 | #define GPIOA               ((GPIO_TypeDef *) GPIOA_BASE)
      |                             ^~~~~~~~~~~~~~~~~~~~~~~~~~~~~
GPIO.c(32): note: passing argument to parameter 'GPIOx' here
   32 | void GPIO_SetAF(GPIO_TYPE *GPIOx, uint8_t pin, uint8_t AF)
      |                            ^
GPIO.c(127): warning: incompatible pointer types passing 'GPIO_TypeDef *' to parameter of type 'GPIO_TYPE *' [-Wincompatible-pointer-types]
  127 |         GPIO_SET_OUTPUT(GPIOA, 4, GPIO_OUTPUT_PUSHPULL);
      |                         ^~~~~
C:/TAIVE/Keil/Keil/STM32F4xx_DFP/2.17.1/Drivers/CMSIS/Device/ST/STM32F4xx/Include\stm32f411xe.h(782): note: expanded from macro 'GPIOA'
  782 | #define GPIOA               ((GPIO_TypeDef *) GPIOA_BASE)
      |                             ^~~~~~~~~~~~~~~~~~~~~~~~~~~~~
GPIO.c(11): note: passing argument to parameter 'GPIOx' here
   11 | void GPIO_SET_OUTPUT ( GPIO_TYPE *GPIOx, uint8_t pin , uint8_t out)
      |                                   ^
GPIO.c(128): warning: incompatible pointer types passing 'GPIO_TypeDef *' to parameter of type 'GPIO_TYPE *' [-Wincompatible-pointer-types]
  128 |   GPIO_SET_OUTPUT(GPIOA, 5, GPIO_OUTPUT_PUSHPULL);
      |                   ^~~~~
C:/TAIVE/Keil/Keil/STM32F4xx_DFP/2.17.1/Drivers/CMSIS/Device/ST/STM32F4xx/Include\stm32f411xe.h(782): note: expanded from macro 'GPIOA'
  782 | #define GPIOA               ((GPIO_TypeDef *) GPIOA_BASE)
      |                             ^~~~~~~~~~~~~~~~~~~~~~~~~~~~~
GPIO.c(11): note: passing argument to parameter 'GPIOx' here
   11 | void GPIO_SET_OUTPUT ( GPIO_TYPE *GPIOx, uint8_t pin , uint8_t out)
      |                                   ^
GPIO.c(129): warning: incompatible pointer types passing 'GPIO_TypeDef *' to parameter of type 'GPIO_TYPE *' [-Wincompatible-pointer-types]
  129 |   GPIO_SET_OUTPUT(GPIOA, 6, GPIO_OUTPUT_PUSHPULL);
      |                   ^~~~~
C:/TAIVE/Keil/Keil/STM32F4xx_DFP/2.17.1/Drivers/CMSIS/Device/ST/STM32F4xx/Include\stm32f411xe.h(782): note: expanded from macro 'GPIOA'
  782 | #define GPIOA               ((GPIO_TypeDef *) GPIOA_BASE)
      |                             ^~~~~~~~~~~~~~~~~~~~~~~~~~~~~
GPIO.c(11): note: passing argument to parameter 'GPIOx' here
   11 | void GPIO_SET_OUTPUT ( GPIO_TYPE *GPIOx, uint8_t pin , uint8_t out)
      |                                   ^
GPIO.c(130): warning: incompatible pointer types passing 'GPIO_TypeDef *' to parameter of type 'GPIO_TYPE *' [-Wincompatible-pointer-types]
  130 |   GPIO_SET_OUTPUT(GPIOA, 7, GPIO_OUTPUT_PUSHPULL);
      |                   ^~~~~
C:/TAIVE/Keil/Keil/STM32F4xx_DFP/2.17.1/Drivers/CMSIS/Device/ST/STM32F4xx/Include\stm32f411xe.h(782): note: expanded from macro 'GPIOA'
  782 | #define GPIOA               ((GPIO_TypeDef *) GPIOA_BASE)
      |                             ^~~~~~~~~~~~~~~~~~~~~~~~~~~~~
GPIO.c(11): note: passing argument to parameter 'GPIOx' here
   11 | void GPIO_SET_OUTPUT ( GPIO_TYPE *GPIOx, uint8_t pin , uint8_t out)
      |                                   ^
GPIO.c(131): warning: incompatible pointer types passing 'GPIO_TypeDef *' to parameter of type 'GPIO_TYPE *' [-Wincompatible-pointer-types]
  131 |         GPIO_SET_SPEED(GPIOA, 4, GPIO_SPEED_HIGH);
      |                        ^~~~~
C:/TAIVE/Keil/Keil/STM32F4xx_DFP/2.17.1/Drivers/CMSIS/Device/ST/STM32F4xx/Include\stm32f411xe.h(782): note: expanded from macro 'GPIOA'
  782 | #define GPIOA               ((GPIO_TypeDef *) GPIOA_BASE)
      |                             ^~~~~~~~~~~~~~~~~~~~~~~~~~~~~
GPIO.c(18): note: passing argument to parameter 'GPIOx' here
   18 | void GPIO_SET_SPEED (GPIO_TYPE *GPIOx , uint8_t pin , uint8_t speed )
      |                                 ^
GPIO.c(132): warning: incompatible pointer types passing 'GPIO_TypeDef *' to parameter of type 'GPIO_TYPE *' [-Wincompatible-pointer-types]
  132 |   GPIO_SET_SPEED(GPIOA, 5, GPIO_SPEED_HIGH);
      |                  ^~~~~
C:/TAIVE/Keil/Keil/STM32F4xx_DFP/2.17.1/Drivers/CMSIS/Device/ST/STM32F4xx/Include\stm32f411xe.h(782): note: expanded from macro 'GPIOA'
  782 | #define GPIOA               ((GPIO_TypeDef *) GPIOA_BASE)
      |                             ^~~~~~~~~~~~~~~~~~~~~~~~~~~~~
GPIO.c(18): note: passing argument to parameter 'GPIOx' here
   18 | void GPIO_SET_SPEED (GPIO_TYPE *GPIOx , uint8_t pin , uint8_t speed )
      |                                 ^
GPIO.c(133): warning: incompatible pointer types passing 'GPIO_TypeDef *' to parameter of type 'GPIO_TYPE *' [-Wincompatible-pointer-types]
  133 |   GPIO_SET_SPEED(GPIOA, 6, GPIO_SPEED_HIGH);
      |                  ^~~~~
C:/TAIVE/Keil/Keil/STM32F4xx_DFP/2.17.1/Drivers/CMSIS/Device/ST/STM32F4xx/Include\stm32f411xe.h(782): note: expanded from macro 'GPIOA'
  782 | #define GPIOA               ((GPIO_TypeDef *) GPIOA_BASE)
      |                             ^~~~~~~~~~~~~~~~~~~~~~~~~~~~~
GPIO.c(18): note: passing argument to parameter 'GPIOx' here
   18 | void GPIO_SET_SPEED (GPIO_TYPE *GPIOx , uint8_t pin , uint8_t speed )
      |                                 ^
GPIO.c(134): warning: incompatible pointer types passing 'GPIO_TypeDef *' to parameter of type 'GPIO_TYPE *' [-Wincompatible-pointer-types]
  134 |   GPIO_SET_SPEED(GPIOA, 7, GPIO_SPEED_HIGH);
      |                  ^~~~~
C:/TAIVE/Keil/Keil/STM32F4xx_DFP/2.17.1/Drivers/CMSIS/Device/ST/STM32F4xx/Include\stm32f411xe.h(782): note: expanded from macro 'GPIOA'
  782 | #define GPIOA               ((GPIO_TypeDef *) GPIOA_BASE)
      |                             ^~~~~~~~~~~~~~~~~~~~~~~~~~~~~
GPIO.c(18): note: passing argument to parameter 'GPIOx' here
   18 | void GPIO_SET_SPEED (GPIO_TYPE *GPIOx , uint8_t pin , uint8_t speed )
      |                                 ^
GPIO.c(135): warning: incompatible pointer types passing 'GPIO_TypeDef *' to parameter of type 'GPIO_TYPE *' [-Wincompatible-pointer-types]
  135 |         GPIO_Set_Pull(GPIOA, 4, GPIO_NO_UPDOWN);
      |                       ^~~~~
C:/TAIVE/Keil/Keil/STM32F4xx_DFP/2.17.1/Drivers/CMSIS/Device/ST/STM32F4xx/Include\stm32f411xe.h(782): note: expanded from macro 'GPIOA'
  782 | #define GPIOA               ((GPIO_TypeDef *) GPIOA_BASE)
      |                             ^~~~~~~~~~~~~~~~~~~~~~~~~~~~~
GPIO.c(25): note: passing argument to parameter 'GPIOx' here
   25 | void GPIO_Set_Pull      (GPIO_TYPE *GPIOx, uint8_t pin, uint8_t pull)
      |                                     ^
GPIO.c(136): warning: incompatible pointer types passing 'GPIO_TypeDef *' to parameter of type 'GPIO_TYPE *' [-Wincompatible-pointer-types]
  136 |   GPIO_Set_Pull(GPIOA, 5, GPIO_NO_UPDOWN);
      |                 ^~~~~
C:/TAIVE/Keil/Keil/STM32F4xx_DFP/2.17.1/Drivers/CMSIS/Device/ST/STM32F4xx/Include\stm32f411xe.h(782): note: expanded from macro 'GPIOA'
  782 | #define GPIOA               ((GPIO_TypeDef *) GPIOA_BASE)
      |                             ^~~~~~~~~~~~~~~~~~~~~~~~~~~~~
GPIO.c(25): note: passing argument to parameter 'GPIOx' here
   25 | void GPIO_Set_Pull      (GPIO_TYPE *GPIOx, uint8_t pin, uint8_t pull)
      |                                     ^
GPIO.c(137): warning: incompatible pointer types passing 'GPIO_TypeDef *' to parameter of type 'GPIO_TYPE *' [-Wincompatible-pointer-types]
  137 |   GPIO_Set_Pull(GPIOA, 6, GPIO_NO_UPDOWN);
      |                 ^~~~~
C:/TAIVE/Keil/Keil/STM32F4xx_DFP/2.17.1/Drivers/CMSIS/Device/ST/STM32F4xx/Include\stm32f411xe.h(782): note: expanded from macro 'GPIOA'
  782 | #define GPIOA               ((GPIO_TypeDef *) GPIOA_BASE)
      |                             ^~~~~~~~~~~~~~~~~~~~~~~~~~~~~
GPIO.c(25): note: passing argument to parameter 'GPIOx' here
   25 | void GPIO_Set_Pull      (GPIO_TYPE *GPIOx, uint8_t pin, uint8_t pull)
      |                                     ^
GPIO.c(138): warning: incompatible pointer types passing 'GPIO_TypeDef *' to parameter of type 'GPIO_TYPE *' [-Wincompatible-pointer-types]
  138 |   GPIO_Set_Pull(GPIOA, 7, GPIO_NO_UPDOWN);
      |                 ^~~~~
C:/TAIVE/Keil/Keil/STM32F4xx_DFP/2.17.1/Drivers/CMSIS/Device/ST/STM32F4xx/Include\stm32f411xe.h(782): note: expanded from macro 'GPIOA'
  782 | #define GPIOA               ((GPIO_TypeDef *) GPIOA_BASE)
      |                             ^~~~~~~~~~~~~~~~~~~~~~~~~~~~~
GPIO.c(25): note: passing argument to parameter 'GPIOx' here
   25 | void GPIO_Set_Pull      (GPIO_TYPE *GPIOx, uint8_t pin, uint8_t pull)
      |                                     ^
40 warnings generated.
compiling GPIO.c...
linking...
Program Size: Code=416 RO-data=424 RW-data=0 ZI-data=1632  
".\Objects\STM32F411.axf" - 0 Error(s), 40 Warning(s).

<h2>Software Packages used:</h2>

Package Vendor: ARM
                https://www.keil.com/pack/ARM.CMSIS.6.3.0.pack
                ARM::CMSIS@6.3.0
                CMSIS (Common Microcontroller Software Interface Standard)
   * Component: CORE Version: 6.2.0

Package Vendor: Keil
                https://www.keil.com/pack/Keil.STM32F4xx_DFP.2.17.1.pack
                Keil::STM32F4xx_DFP@2.17.1
                STMicroelectronics STM32F4 Series Device Support, Drivers and Examples
   * Component: Startup Version: 2.6.3

<h2>Collection of Component include folders:</h2>
  ./RTE/_Target_1
  C:/TAIVE/Keil/ARM/CMSIS/6.3.0/CMSIS/Core/Include
  C:/TAIVE/Keil/Keil/STM32F4xx_DFP/2.17.1/Drivers/CMSIS/Device/ST/STM32F4xx/Include

<h2>Collection of Component Files used:</h2>

   * Component: ARM::CMSIS:CORE@6.2.0

   * Component: Keil::Device:Startup@2.6.3
      Source file:   MDK/Device/Source/ARM/STM32F4xx_OTP.s
      Source file:   MDK/Device/Source/ARM/STM32F411xx_OPT.s
      Include file:  Drivers/CMSIS/Device/ST/STM32F4xx/Include/stm32f4xx.h
      Source file:   Drivers/CMSIS/Device/ST/STM32F4xx/Source/Templates/arm/startup_stm32f411xe.s
      Source file:   Drivers/CMSIS/Device/ST/STM32F4xx/Source/Templates/system_stm32f4xx.c
Build Time Elapsed:  00:00:01
</pre>
</body>
</html>
