<html>
<body>
<pre>
<h1>µVision Build Log</h1>
<h2>Tool Versions:</h2>
IDE-Version: µVision V5.43.1.0
Copyright (C) 2025 ARM Ltd and ARM Germany GmbH. All rights reserved.
License Information: DUC NGOC, DUT, LIC=----
 
Tool Versions:
Toolchain:       MDK-Lite  Version: 5.43.0.0
Toolchain Path:  C:\TAIVE\Keil\ARM\ARMCLANG\Bin
C Compiler:      ArmClang.exe V6.24
Assembler:       Armasm.exe V6.24
Linker/Locator:  ArmLink.exe V6.24
Library Manager: ArmAr.exe V6.24
Hex Converter:   FromElf.exe V6.24
CPU DLL:         SARMCM3.DLL V5.43.0.0
Dialog DLL:      DCM.DLL V1.17.5.0
Target DLL:      STLink\ST-LINKIII-KEIL_SWO.dll V3.3.1.0
Dialog DLL:      TCM.DLL V1.56.6.0
 
<h2>Project:</h2>
D:\GIAO TIEP VI XU LI\PROJECT\PROJECT_STM32F411\STM32F411.uvprojx
Project File Date:  03/27/2026

<h2>Output:</h2>
*** Using Compiler 'V6.24', folder: 'C:\TAIVE\Keil\ARM\ARMCLANG\Bin'
Rebuild target 'Target_1'
compiling SENSOR.c...
compiling system_stm32f4xx.c...
compiling CLOCK.c...
compiling SPI.c...
GPIO.c(53): warning: incompatible pointer types passing 'GPIO_TypeDef *' to parameter of type 'GPIO_TYPE *' [-Wincompatible-pointer-types]
   53 |         GPIO_SET_MODE (GPIOA ,0 , GPIO_MODE_ANALOG );
      |                        ^~~~~
C:/TAIVE/Keil/Keil/STM32F4xx_DFP/2.17.1/Drivers/CMSIS/Device/ST/STM32F4xx/Include\stm32f411xe.h(782): note: expanded from macro 'GPIOA'
  782 | #define GPIOA               ((GPIO_TypeDef *) GPIOA_BASE)
      |                             ^~~~~~~~~~~~~~~~~~~~~~~~~~~~~
GPIO.c(4): note: passing argument to parameter 'GPIOx' here
    4 | void GPIO_SET_MODE (GPIO_TYPE *GPIOx, uint8_t pin,uint8_t mode)
      |                                ^
GPIO.c(54): warning: incompatible pointer types passing 'GPIO_TypeDef *' to parameter of type 'GPIO_TYPE *' [-Wincompatible-pointer-types]
   54 |         GPIO_SET_MODE (GPIOA ,1 , GPIO_MODE_ANALOG );
      |                        ^~~~~
C:/TAIVE/Keil/Keil/STM32F4xx_DFP/2.17.1/Drivers/CMSIS/Device/ST/STM32F4xx/Include\stm32f411xe.h(782): note: expanded from macro 'GPIOA'
  782 | #define GPIOA               ((GPIO_TypeDef *) GPIOA_BASE)
      |                             ^~~~~~~~~~~~~~~~~~~~~~~~~~~~~
GPIO.c(4): note: passing argument to parameter 'GPIOx' here
    4 | void GPIO_SET_MODE (GPIO_TYPE *GPIOx, uint8_t pin,uint8_t mode)
      |                                ^
GPIO.c(55): warning: incompatible pointer types passing 'GPIO_TypeDef *' to parameter of type 'GPIO_TYPE *' [-Wincompatible-pointer-types]
   55 |         GPIO_SET_MODE (GPIOA ,2 , GPIO_MODE_ANALOG );
      |                        ^~~~~
C:/TAIVE/Keil/Keil/STM32F4xx_DFP/2.17.1/Drivers/CMSIS/Device/ST/STM32F4xx/Include\stm32f411xe.h(782): note: expanded from macro 'GPIOA'
  782 | #define GPIOA               ((GPIO_TypeDef *) GPIOA_BASE)
      |                             ^~~~~~~~~~~~~~~~~~~~~~~~~~~~~
GPIO.c(4): note: passing argument to parameter 'GPIOx' here
    4 | void GPIO_SET_MODE (GPIO_TYPE *GPIOx, uint8_t pin,uint8_t mode)
      |                                ^
GPIO.c(56): warning: incompatible pointer types passing 'GPIO_TypeDef *' to parameter of type 'GPIO_TYPE *' [-Wincompatible-pointer-types]
   56 |         GPIO_SET_MODE (GPIOA ,3 , GPIO_MODE_ANALOG );
      |                        ^~~~~
C:/TAIVE/Keil/Keil/STM32F4xx_DFP/2.17.1/Drivers/CMSIS/Device/ST/STM32F4xx/Include\stm32f411xe.h(782): note: expanded from macro 'GPIOA'
  782 | #define GPIOA               ((GPIO_TypeDef *) GPIOA_BASE)
      |                             ^~~~~~~~~~~~~~~~~~~~~~~~~~~~~
GPIO.c(4): note: passing argument to parameter 'GPIOx' here
    4 | void GPIO_SET_MODE (GPIO_TYPE *GPIOx, uint8_t pin,uint8_t mode)
      |                                ^
GPIO.c(57): warning: incompatible pointer types passing 'GPIO_TypeDef *' to parameter of type 'GPIO_TYPE *' [-Wincompatible-pointer-types]
   57 |         GPIO_Set_Pull(GPIOA, 0, GPIO_NO_UPDOWN);
      |                       ^~~~~
C:/TAIVE/Keil/Keil/STM32F4xx_DFP/2.17.1/Drivers/CMSIS/Device/ST/STM32F4xx/Include\stm32f411xe.h(782): note: expanded from macro 'GPIOA'
  782 | #define GPIOA               ((GPIO_TypeDef *) GPIOA_BASE)
      |                             ^~~~~~~~~~~~~~~~~~~~~~~~~~~~~
GPIO.c(25): note: passing argument to parameter 'GPIOx' here
   25 | void GPIO_Set_Pull      (GPIO_TYPE *GPIOx, uint8_t pin, uint8_t pull)
      |                                     ^
GPIO.c(58): warning: incompatible pointer types passing 'GPIO_TypeDef *' to parameter of type 'GPIO_TYPE *' [-Wincompatible-pointer-types]
   58 |         GPIO_Set_Pull(GPIOA, 1, GPIO_NO_UPDOWN);
      |                       ^~~~~
C:/TAIVE/Keil/Keil/STM32F4xx_DFP/2.17.1/Drivers/CMSIS/Device/ST/STM32F4xx/Include\stm32f411xe.h(782): note: expanded from macro 'GPIOA'
  782 | #define GPIOA               ((GPIO_TypeDef *) GPIOA_BASE)
      |                             ^~~~~~~~~~~~~~~~~~~~~~~~~~~~~
GPIO.c(25): note: passing argument to parameter 'GPIOx' here
   25 | void GPIO_Set_Pull      (GPIO_TYPE *GPIOx, uint8_t pin, uint8_t pull)
      |                                     ^
GPIO.c(59): warning: incompatible pointer types passing 'GPIO_TypeDef *' to parameter of type 'GPIO_TYPE *' [-Wincompatible-pointer-types]
   59 |         GPIO_Set_Pull(GPIOA, 2, GPIO_NO_UPDOWN);
      |                       ^~~~~
C:/TAIVE/Keil/Keil/STM32F4xx_DFP/2.17.1/Drivers/CMSIS/Device/ST/STM32F4xx/Include\stm32f411xe.h(782): note: expanded from macro 'GPIOA'
  782 | #define GPIOA               ((GPIO_TypeDef *) GPIOA_BASE)
      |                             ^~~~~~~~~~~~~~~~~~~~~~~~~~~~~
GPIO.c(25): note: passing argument to parameter 'GPIOx' here
   25 | void GPIO_Set_Pull      (GPIO_TYPE *GPIOx, uint8_t pin, uint8_t pull)
      |                                     ^
GPIO.c(60): warning: incompatible pointer types passing 'GPIO_TypeDef *' to parameter of type 'GPIO_TYPE *' [-Wincompatible-pointer-types]
   60 |         GPIO_Set_Pull(GPIOA, 3, GPIO_NO_UPDOWN);
      |                       ^~~~~
C:/TAIVE/Keil/Keil/STM32F4xx_DFP/2.17.1/Drivers/CMSIS/Device/ST/STM32F4xx/Include\stm32f411xe.h(782): note: expanded from macro 'GPIOA'
  782 | #define GPIOA               ((GPIO_TypeDef *) GPIOA_BASE)
      |                             ^~~~~~~~~~~~~~~~~~~~~~~~~~~~~
GPIO.c(25): note: passing argument to parameter 'GPIOx' here
   25 | void GPIO_Set_Pull      (GPIO_TYPE *GPIOx, uint8_t pin, uint8_t pull)
      |                                     ^
GPIO.c(65): warning: incompatible pointer types passing 'GPIO_TypeDef *' to parameter of type 'GPIO_TYPE *' [-Wincompatible-pointer-types]
   65 |         GPIO_SET_MODE (GPIOB,0,GPIO_MODE_OUTPUT );
      |                        ^~~~~
C:/TAIVE/Keil/Keil/STM32F4xx_DFP/2.17.1/Drivers/CMSIS/Device/ST/STM32F4xx/Include\stm32f411xe.h(783): note: expanded from macro 'GPIOB'
  783 | #define GPIOB               ((GPIO_TypeDef *) GPIOB_BASE)
      |                             ^~~~~~~~~~~~~~~~~~~~~~~~~~~~~
GPIO.c(4): note: passing argument to parameter 'GPIOx' here
    4 | void GPIO_SET_MODE (GPIO_TYPE *GPIOx, uint8_t pin,uint8_t mode)
      |                                ^
GPIO.c(66): warning: incompatible pointer types passing 'GPIO_TypeDef *' to parameter of type 'GPIO_TYPE *' [-Wincompatible-pointer-types]
   66 |         GPIO_SET_OUTPUT (GPIOB,0,GPIO_OUTPUT_PUSHPULL);
      |                          ^~~~~
C:/TAIVE/Keil/Keil/STM32F4xx_DFP/2.17.1/Drivers/CMSIS/Device/ST/STM32F4xx/Include\stm32f411xe.h(783): note: expanded from macro 'GPIOB'
  783 | #define GPIOB               ((GPIO_TypeDef *) GPIOB_BASE)
      |                             ^~~~~~~~~~~~~~~~~~~~~~~~~~~~~
GPIO.c(11): note: passing argument to parameter 'GPIOx' here
   11 | void GPIO_SET_OUTPUT ( GPIO_TYPE *GPIOx, uint8_t pin , uint8_t out)
      |                                   ^
GPIO.c(67): warning: incompatible pointer types passing 'GPIO_TypeDef *' to parameter of type 'GPIO_TYPE *' [-Wincompatible-pointer-types]
   67 |         GPIO_SET_SPEED(GPIOB,0,GPIO_SPEED_LOW);
      |                        ^~~~~
C:/TAIVE/Keil/Keil/STM32F4xx_DFP/2.17.1/Drivers/CMSIS/Device/ST/STM32F4xx/Include\stm32f411xe.h(783): note: expanded from macro 'GPIOB'
  783 | #define GPIOB               ((GPIO_TypeDef *) GPIOB_BASE)
      |                             ^~~~~~~~~~~~~~~~~~~~~~~~~~~~~
GPIO.c(18): note: passing argument to parameter 'GPIOx' here
   18 | void GPIO_SET_SPEED (GPIO_TYPE *GPIOx , uint8_t pin , uint8_t speed )
      |                                 ^
GPIO.c(68): warning: incompatible pointer types passing 'GPIO_TypeDef *' to parameter of type 'GPIO_TYPE *' [-Wincompatible-pointer-types]
   68 |         GPIO_Set_Pull(GPIOB, 0, GPIO_NO_UPDOWN);
      |                       ^~~~~
C:/TAIVE/Keil/Keil/STM32F4xx_DFP/2.17.1/Drivers/CMSIS/Device/ST/STM32F4xx/Include\stm32f411xe.h(783): note: expanded from macro 'GPIOB'
  783 | #define GPIOB               ((GPIO_TypeDef *) GPIOB_BASE)
      |                             ^~~~~~~~~~~~~~~~~~~~~~~~~~~~~
GPIO.c(25): note: passing argument to parameter 'GPIOx' here
   25 | void GPIO_Set_Pull      (GPIO_TYPE *GPIOx, uint8_t pin, uint8_t pull)
      |                                     ^
GPIO.c(74): warning: incompatible pointer types passing 'GPIO_TypeDef *' to parameter of type 'GPIO_TYPE *' [-Wincompatible-pointer-types]
   74 |         GPIO_SET_MODE (GPIOB,2,GPIO_MODE_OUTPUT );
      |                        ^~~~~
C:/TAIVE/Keil/Keil/STM32F4xx_DFP/2.17.1/Drivers/CMSIS/Device/ST/STM32F4xx/Include\stm32f411xe.h(783): note: expanded from macro 'GPIOB'
  783 | #define GPIOB               ((GPIO_TypeDef *) GPIOB_BASE)
      |                             ^~~~~~~~~~~~~~~~~~~~~~~~~~~~~
GPIO.c(4): note: passing argument to parameter 'GPIOx' here
    4 | void GPIO_SET_MODE (GPIO_TYPE *GPIOx, uint8_t pin,uint8_t mode)
      |                                ^
GPIO.c(75): warning: incompatible pointer types passing 'GPIO_TypeDef *' to parameter of type 'GPIO_TYPE *' [-Wincompatible-pointer-types]
   75 |         GPIO_SET_OUTPUT (GPIOB,2,GPIO_OUTPUT_PUSHPULL);
      |                          ^~~~~
C:/TAIVE/Keil/Keil/STM32F4xx_DFP/2.17.1/Drivers/CMSIS/Device/ST/STM32F4xx/Include\stm32f411xe.h(783): note: expanded from macro 'GPIOB'
  783 | #define GPIOB               ((GPIO_TypeDef *) GPIOB_BASE)
      |                             ^~~~~~~~~~~~~~~~~~~~~~~~~~~~~
GPIO.c(11): note: passing argument to parameter 'GPIOx' here
   11 | void GPIO_SET_OUTPUT ( GPIO_TYPE *GPIOx, uint8_t pin , uint8_t out)
      |                                   ^
GPIO.c(76): warning: incompatible pointer types passing 'GPIO_TypeDef *' to parameter of type 'GPIO_TYPE *' [-Wincompatible-pointer-types]
   76 |         GPIO_SET_SPEED(GPIOB,2,GPIO_SPEED_LOW);
      |                        ^~~~~
C:/TAIVE/Keil/Keil/STM32F4xx_DFP/2.17.1/Drivers/CMSIS/Device/ST/STM32F4xx/Include\stm32f411xe.h(783): note: expanded from macro 'GPIOB'
  783 | #define GPIOB               ((GPIO_TypeDef *) GPIOB_BASE)
      |                             ^~~~~~~~~~~~~~~~~~~~~~~~~~~~~
GPIO.c(18): note: passing argument to parameter 'GPIOx' here
   18 | void GPIO_SET_SPEED (GPIO_TYPE *GPIOx , uint8_t pin , uint8_t speed )
      |                                 ^
GPIO.c(77): warning: incompatible pointer types passing 'GPIO_TypeDef *' to parameter of type 'GPIO_TYPE *' [-Wincompatible-pointer-types]
   77 |         GPIO_Set_Pull(GPIOB, 2, GPIO_NO_UPDOWN);
      |                       ^~~~~
C:/TAIVE/Keil/Keil/STM32F4xx_DFP/2.17.1/Drivers/CMSIS/Device/ST/STM32F4xx/Include\stm32f411xe.h(783): note: expanded from macro 'GPIOB'
  783 | #define GPIOB               ((GPIO_TypeDef *) GPIOB_BASE)
      |                             ^~~~~~~~~~~~~~~~~~~~~~~~~~~~~
GPIO.c(25): note: passing argument to parameter 'GPIOx' here
   25 | void GPIO_Set_Pull      (GPIO_TYPE *GPIOx, uint8_t pin, uint8_t pull)
      |                                     ^
GPIO.c(83): warning: incompatible pointer types passing 'GPIO_TypeDef *' to parameter of type 'GPIO_TYPE *' [-Wincompatible-pointer-types]
   83 |         GPIO_SET_MODE (GPIOB,1,GPIO_MODE_OUTPUT );
      |                        ^~~~~
C:/TAIVE/Keil/Keil/STM32F4xx_DFP/2.17.1/Drivers/CMSIS/Device/ST/STM32F4xx/Include\stm32f411xe.h(783): note: expanded from macro 'GPIOB'
  783 | #define GPIOB               ((GPIO_TypeDef *) GPIOB_BASE)
      |                             ^~~~~~~~~~~~~~~~~~~~~~~~~~~~~
GPIO.c(4): note: passing argument to parameter 'GPIOx' here
    4 | void GPIO_SET_MODE (GPIO_TYPE *GPIOx, uint8_t pin,uint8_t mode)
      |                                ^
GPIO.c(84): warning: incompatible pointer types passing 'GPIO_TypeDef *' to parameter of type 'GPIO_TYPE *' [-Wincompatible-pointer-types]
   84 |         GPIO_SET_OUTPUT (GPIOB,1,GPIO_OUTPUT_PUSHPULL);
      |                          ^~~~~
C:/TAIVE/Keil/Keil/STM32F4xx_DFP/2.17.1/Drivers/CMSIS/Device/ST/STM32F4xx/Include\stm32f411xe.h(783): note: expanded from macro 'GPIOB'
  783 | #define GPIOB               ((GPIO_TypeDef *) GPIOB_BASE)
      |                             ^~~~~~~~~~~~~~~~~~~~~~~~~~~~~
GPIO.c(11): note: passing argument to parameter 'GPIOx' here
   11 | void GPIO_SET_OUTPUT ( GPIO_TYPE *GPIOx, uint8_t pin , uint8_t out)
      |                                   ^
GPIO.c(85): warning: incompatible pointer types passing 'GPIO_TypeDef *' to parameter of type 'GPIO_TYPE *' [-Wincompatible-pointer-types]
   85 |         GPIO_SET_SPEED(GPIOB,1,GPIO_SPEED_LOW);
      |                        ^~~~~
C:/TAIVE/Keil/Keil/STM32F4xx_DFP/2.17.1/Drivers/CMSIS/Device/ST/STM32F4xx/Include\stm32f411xe.h(783): note: expanded from macro 'GPIOB'
  783 | #define GPIOB               ((GPIO_TypeDef *) GPIOB_BASE)
      |                             ^~~~~~~~~~~~~~~~~~~~~~~~~~~~~
GPIO.c(18): note: passing argument to parameter 'GPIOx' here
   18 | void GPIO_SET_SPEED (GPIO_TYPE *GPIOx , uint8_t pin , uint8_t speed )
      |                                 ^
GPIO.c(86): warning: incompatible pointer types passing 'GPIO_TypeDef *' to parameter of type 'GPIO_TYPE *' [-Wincompatible-pointer-types]
   86 |         GPIO_Set_Pull(GPIOB, 1, GPIO_NO_UPDOWN);
      |                       ^~~~~
C:/TAIVE/Keil/Keil/STM32F4xx_DFP/2.17.1/Drivers/CMSIS/Device/ST/STM32F4xx/Include\stm32f411xe.h(783): note: expanded from macro 'GPIOB'
  783 | #define GPIOB               ((GPIO_TypeDef *) GPIOB_BASE)
      |                             ^~~~~~~~~~~~~~~~~~~~~~~~~~~~~
GPIO.c(25): note: passing argument to parameter 'GPIOx' here
   25 | void GPIO_Set_Pull      (GPIO_TYPE *GPIOx, uint8_t pin, uint8_t pull)
      |                                     ^
GPIO.c(94): warning: incompatible pointer types passing 'GPIO_TypeDef *' to parameter of type 'GPIO_TYPE *' [-Wincompatible-pointer-types]
   94 |         GPIO_SET_MODE (GPIOA,4,GPIO_MODE_AF); // NSS
      |                        ^~~~~
C:/TAIVE/Keil/Keil/STM32F4xx_DFP/2.17.1/Drivers/CMSIS/Device/ST/STM32F4xx/Include\stm32f411xe.h(782): note: expanded from macro 'GPIOA'
  782 | #define GPIOA               ((GPIO_TypeDef *) GPIOA_BASE)
      |                             ^~~~~~~~~~~~~~~~~~~~~~~~~~~~~
GPIO.c(4): note: passing argument to parameter 'GPIOx' here
    4 | void GPIO_SET_MODE (GPIO_TYPE *GPIOx, uint8_t pin,uint8_t mode)
      |                                ^
GPIO.c(95): warning: incompatible pointer types passing 'GPIO_TypeDef *' to parameter of type 'GPIO_TYPE *' [-Wincompatible-pointer-types]
   95 |         GPIO_SET_MODE (GPIOA,5,GPIO_MODE_AF); // SCK
      |                        ^~~~~
C:/TAIVE/Keil/Keil/STM32F4xx_DFP/2.17.1/Drivers/CMSIS/Device/ST/STM32F4xx/Include\stm32f411xe.h(782): note: expanded from macro 'GPIOA'
  782 | #define GPIOA               ((GPIO_TypeDef *) GPIOA_BASE)
      |                             ^~~~~~~~~~~~~~~~~~~~~~~~~~~~~
GPIO.c(4): note: passing argument to parameter 'GPIOx' here
    4 | void GPIO_SET_MODE (GPIO_TYPE *GPIOx, uint8_t pin,uint8_t mode)
      |                                ^
GPIO.c(96): warning: incompatible pointer types passing 'GPIO_TypeDef *' to parameter of type 'GPIO_TYPE *' [-Wincompatible-pointer-types]
   96 |         GPIO_SET_MODE (GPIOA,6,GPIO_MODE_AF); // MISO
      |                        ^~~~~
C:/TAIVE/Keil/Keil/STM32F4xx_DFP/2.17.1/Drivers/CMSIS/Device/ST/STM32F4xx/Include\stm32f411xe.h(782): note: expanded from macro 'GPIOA'
  782 | #define GPIOA               ((GPIO_TypeDef *) GPIOA_BASE)
      |                             ^~~~~~~~~~~~~~~~~~~~~~~~~~~~~
GPIO.c(4): note: passing argument to parameter 'GPIOx' here
    4 | void GPIO_SET_MODE (GPIO_TYPE *GPIOx, uint8_t pin,uint8_t mode)
      |                                ^
GPIO.c(97): warning: incompatible pointer types passing 'GPIO_TypeDef *' to parameter of type 'GPIO_TYPE *' [-Wincompatible-pointer-types]
   97 |         GPIO_SET_MODE (GPIOA,7,GPIO_MODE_AF); // MOSI
      |                        ^~~~~
C:/TAIVE/Keil/Keil/STM32F4xx_DFP/2.17.1/Drivers/CMSIS/Device/ST/STM32F4xx/Include\stm32f411xe.h(782): note: expanded from macro 'GPIOA'
  782 | #define GPIOA               ((GPIO_TypeDef *) GPIOA_BASE)
      |                             ^~~~~~~~~~~~~~~~~~~~~~~~~~~~~
GPIO.c(4): note: passing argument to parameter 'GPIOx' here
    4 | void GPIO_SET_MODE (GPIO_TYPE *GPIOx, uint8_t pin,uint8_t mode)
      |                                ^
GPIO.c(99): warning: incompatible pointer types passing 'GPIO_TypeDef *' to parameter of type 'GPIO_TYPE *' [-Wincompatible-pointer-types]
   99 |         GPIO_SetAF(GPIOA, 4,5);
      |                    ^~~~~
C:/TAIVE/Keil/Keil/STM32F4xx_DFP/2.17.1/Drivers/CMSIS/Device/ST/STM32F4xx/Include\stm32f411xe.h(782): note: expanded from macro 'GPIOA'
  782 | #define GPIOA               ((GPIO_TypeDef *) GPIOA_BASE)
      |                             ^~~~~~~~~~~~~~~~~~~~~~~~~~~~~
GPIO.c(32): note: passing argument to parameter 'GPIOx' here
   32 | void GPIO_SetAF(GPIO_TYPE *GPIOx, uint8_t pin, uint8_t AF)
      |                            ^
GPIO.c(100): warning: incompatible pointer types passing 'GPIO_TypeDef *' to parameter of type 'GPIO_TYPE *' [-Wincompatible-pointer-types]
  100 |         GPIO_SetAF(GPIOA, 5,5);
      |                    ^~~~~
C:/TAIVE/Keil/Keil/STM32F4xx_DFP/2.17.1/Drivers/CMSIS/Device/ST/STM32F4xx/Include\stm32f411xe.h(782): note: expanded from macro 'GPIOA'
  782 | #define GPIOA               ((GPIO_TypeDef *) GPIOA_BASE)
      |                             ^~~~~~~~~~~~~~~~~~~~~~~~~~~~~
GPIO.c(32): note: passing argument to parameter 'GPIOx' here
   32 | void GPIO_SetAF(GPIO_TYPE *GPIOx, uint8_t pin, uint8_t AF)
      |                            ^
GPIO.c(101): warning: incompatible pointer types passing 'GPIO_TypeDef *' to parameter of type 'GPIO_TYPE *' [-Wincompatible-pointer-types]
  101 |         GPIO_SetAF(GPIOA, 6,5);
      |                    ^~~~~
C:/TAIVE/Keil/Keil/STM32F4xx_DFP/2.17.1/Drivers/CMSIS/Device/ST/STM32F4xx/Include\stm32f411xe.h(782): note: expanded from macro 'GPIOA'
  782 | #define GPIOA               ((GPIO_TypeDef *) GPIOA_BASE)
      |                             ^~~~~~~~~~~~~~~~~~~~~~~~~~~~~
GPIO.c(32): note: passing argument to parameter 'GPIOx' here
   32 | void GPIO_SetAF(GPIO_TYPE *GPIOx, uint8_t pin, uint8_t AF)
      |                            ^
GPIO.c(102): warning: incompatible pointer types passing 'GPIO_TypeDef *' to parameter of type 'GPIO_TYPE *' [-Wincompatible-pointer-types]
  102 |         GPIO_SetAF(GPIOA, 7,5);
      |                    ^~~~~
C:/TAIVE/Keil/Keil/STM32F4xx_DFP/2.17.1/Drivers/CMSIS/Device/ST/STM32F4xx/Include\stm32f411xe.h(782): note: expanded from macro 'GPIOA'
  782 | #define GPIOA               ((GPIO_TypeDef *) GPIOA_BASE)
      |                             ^~~~~~~~~~~~~~~~~~~~~~~~~~~~~
GPIO.c(32): note: passing argument to parameter 'GPIOx' here
   32 | void GPIO_SetAF(GPIO_TYPE *GPIOx, uint8_t pin, uint8_t AF)
      |                            ^
GPIO.c(104): warning: incompatible pointer types passing 'GPIO_TypeDef *' to parameter of type 'GPIO_TYPE *' [-Wincompatible-pointer-types]
  104 |         GPIO_SET_OUTPUT(GPIOA, 4, GPIO_OUTPUT_PUSHPULL);
      |                         ^~~~~
C:/TAIVE/Keil/Keil/STM32F4xx_DFP/2.17.1/Drivers/CMSIS/Device/ST/STM32F4xx/Include\stm32f411xe.h(782): note: expanded from macro 'GPIOA'
  782 | #define GPIOA               ((GPIO_TypeDef *) GPIOA_BASE)
      |                             ^~~~~~~~~~~~~~~~~~~~~~~~~~~~~
GPIO.c(11): note: passing argument to parameter 'GPIOx' here
   11 | void GPIO_SET_OUTPUT ( GPIO_TYPE *GPIOx, uint8_t pin , uint8_t out)
      |                                   ^
GPIO.c(105): warning: incompatible pointer types passing 'GPIO_TypeDef *' to parameter of type 'GPIO_TYPE *' [-Wincompatible-pointer-types]
  105 |         GPIO_SET_OUTPUT(GPIOA, 5, GPIO_OUTPUT_PUSHPULL);
      |                         ^~~~~
C:/TAIVE/Keil/Keil/STM32F4xx_DFP/2.17.1/Drivers/CMSIS/Device/ST/STM32F4xx/Include\stm32f411xe.h(782): note: expanded from macro 'GPIOA'
  782 | #define GPIOA               ((GPIO_TypeDef *) GPIOA_BASE)
      |                             ^~~~~~~~~~~~~~~~~~~~~~~~~~~~~
GPIO.c(11): note: passing argument to parameter 'GPIOx' here
   11 | void GPIO_SET_OUTPUT ( GPIO_TYPE *GPIOx, uint8_t pin , uint8_t out)
      |                                   ^
GPIO.c(106): warning: incompatible pointer types passing 'GPIO_TypeDef *' to parameter of type 'GPIO_TYPE *' [-Wincompatible-pointer-types]
  106 |         GPIO_SET_OUTPUT(GPIOA, 6, GPIO_OUTPUT_PUSHPULL);
      |                         ^~~~~
C:/TAIVE/Keil/Keil/STM32F4xx_DFP/2.17.1/Drivers/CMSIS/Device/ST/STM32F4xx/Include\stm32f411xe.h(782): note: expanded from macro 'GPIOA'
  782 | #define GPIOA               ((GPIO_TypeDef *) GPIOA_BASE)
      |                             ^~~~~~~~~~~~~~~~~~~~~~~~~~~~~
GPIO.c(11): note: passing argument to parameter 'GPIOx' here
   11 | void GPIO_SET_OUTPUT ( GPIO_TYPE *GPIOx, uint8_t pin , uint8_t out)
      |                                   ^
GPIO.c(107): warning: incompatible pointer types passing 'GPIO_TypeDef *' to parameter of type 'GPIO_TYPE *' [-Wincompatible-pointer-types]
  107 |         GPIO_SET_OUTPUT(GPIOA, 7, GPIO_OUTPUT_PUSHPULL);
      |                         ^~~~~
C:/TAIVE/Keil/Keil/STM32F4xx_DFP/2.17.1/Drivers/CMSIS/Device/ST/STM32F4xx/Include\stm32f411xe.h(782): note: expanded from macro 'GPIOA'
  782 | #define GPIOA               ((GPIO_TypeDef *) GPIOA_BASE)
      |                             ^~~~~~~~~~~~~~~~~~~~~~~~~~~~~
GPIO.c(11): note: passing argument to parameter 'GPIOx' here
   11 | void GPIO_SET_OUTPUT ( GPIO_TYPE *GPIOx, uint8_t pin , uint8_t out)
      |                                   ^
GPIO.c(109): warning: incompatible pointer types passing 'GPIO_TypeDef *' to parameter of type 'GPIO_TYPE *' [-Wincompatible-pointer-types]
  109 |         GPIO_SET_SPEED(GPIOA, 4, GPIO_SPEED_HIGH);
      |                        ^~~~~
C:/TAIVE/Keil/Keil/STM32F4xx_DFP/2.17.1/Drivers/CMSIS/Device/ST/STM32F4xx/Include\stm32f411xe.h(782): note: expanded from macro 'GPIOA'
  782 | #define GPIOA               ((GPIO_TypeDef *) GPIOA_BASE)
      |                             ^~~~~~~~~~~~~~~~~~~~~~~~~~~~~
GPIO.c(18): note: passing argument to parameter 'GPIOx' here
   18 | void GPIO_SET_SPEED (GPIO_TYPE *GPIOx , uint8_t pin , uint8_t speed )
      |                                 ^
GPIO.c(110): warning: incompatible pointer types passing 'GPIO_TypeDef *' to parameter of type 'GPIO_TYPE *' [-Wincompatible-pointer-types]
  110 |         GPIO_SET_SPEED(GPIOA, 5, GPIO_SPEED_HIGH);
      |                        ^~~~~
C:/TAIVE/Keil/Keil/STM32F4xx_DFP/2.17.1/Drivers/CMSIS/Device/ST/STM32F4xx/Include\stm32f411xe.h(782): note: expanded from macro 'GPIOA'
  782 | #define GPIOA               ((GPIO_TypeDef *) GPIOA_BASE)
      |                             ^~~~~~~~~~~~~~~~~~~~~~~~~~~~~
GPIO.c(18): note: passing argument to parameter 'GPIOx' here
   18 | void GPIO_SET_SPEED (GPIO_TYPE *GPIOx , uint8_t pin , uint8_t speed )
      |                                 ^
GPIO.c(111): warning: incompatible pointer types passing 'GPIO_TypeDef *' to parameter of type 'GPIO_TYPE *' [-Wincompatible-pointer-types]
  111 |         GPIO_SET_SPEED(GPIOA, 6, GPIO_SPEED_HIGH);
      |                        ^~~~~
C:/TAIVE/Keil/Keil/STM32F4xx_DFP/2.17.1/Drivers/CMSIS/Device/ST/STM32F4xx/Include\stm32f411xe.h(782): note: expanded from macro 'GPIOA'
  782 | #define GPIOA               ((GPIO_TypeDef *) GPIOA_BASE)
      |                             ^~~~~~~~~~~~~~~~~~~~~~~~~~~~~
GPIO.c(18): note: passing argument to parameter 'GPIOx' here
   18 | void GPIO_SET_SPEED (GPIO_TYPE *GPIOx , uint8_t pin , uint8_t speed )
      |                                 ^
GPIO.c(112): warning: incompatible pointer types passing 'GPIO_TypeDef *' to parameter of type 'GPIO_TYPE *' [-Wincompatible-pointer-types]
  112 |         GPIO_SET_SPEED(GPIOA, 7, GPIO_SPEED_HIGH);
      |                        ^~~~~
C:/TAIVE/Keil/Keil/STM32F4xx_DFP/2.17.1/Drivers/CMSIS/Device/ST/STM32F4xx/Include\stm32f411xe.h(782): note: expanded from macro 'GPIOA'
  782 | #define GPIOA               ((GPIO_TypeDef *) GPIOA_BASE)
      |                             ^~~~~~~~~~~~~~~~~~~~~~~~~~~~~
GPIO.c(18): note: passing argument to parameter 'GPIOx' here
   18 | void GPIO_SET_SPEED (GPIO_TYPE *GPIOx , uint8_t pin , uint8_t speed )
      |                                 ^
GPIO.c(114): warning: incompatible pointer types passing 'GPIO_TypeDef *' to parameter of type 'GPIO_TYPE *' [-Wincompatible-pointer-types]
  114 |         GPIO_Set_Pull(GPIOA, 4, GPIO_NO_UPDOWN);
      |                       ^~~~~
C:/TAIVE/Keil/Keil/STM32F4xx_DFP/2.17.1/Drivers/CMSIS/Device/ST/STM32F4xx/Include\stm32f411xe.h(782): note: expanded from macro 'GPIOA'
  782 | #define GPIOA               ((GPIO_TypeDef *) GPIOA_BASE)
      |                             ^~~~~~~~~~~~~~~~~~~~~~~~~~~~~
GPIO.c(25): note: passing argument to parameter 'GPIOx' here
   25 | void GPIO_Set_Pull      (GPIO_TYPE *GPIOx, uint8_t pin, uint8_t pull)
      |                                     ^
GPIO.c(115): warning: incompatible pointer types passing 'GPIO_TypeDef *' to parameter of type 'GPIO_TYPE *' [-Wincompatible-pointer-types]
  115 |         GPIO_Set_Pull(GPIOA, 5, GPIO_NO_UPDOWN);
      |                       ^~~~~
C:/TAIVE/Keil/Keil/STM32F4xx_DFP/2.17.1/Drivers/CMSIS/Device/ST/STM32F4xx/Include\stm32f411xe.h(782): note: expanded from macro 'GPIOA'
  782 | #define GPIOA               ((GPIO_TypeDef *) GPIOA_BASE)
      |                             ^~~~~~~~~~~~~~~~~~~~~~~~~~~~~
GPIO.c(25): note: passing argument to parameter 'GPIOx' here
   25 | void GPIO_Set_Pull      (GPIO_TYPE *GPIOx, uint8_t pin, uint8_t pull)
      |                                     ^
GPIO.c(116): warning: incompatible pointer types passing 'GPIO_TypeDef *' to parameter of type 'GPIO_TYPE *' [-Wincompatible-pointer-types]
  116 |         GPIO_Set_Pull(GPIOA, 6, GPIO_NO_UPDOWN);
      |                       ^~~~~
C:/TAIVE/Keil/Keil/STM32F4xx_DFP/2.17.1/Drivers/CMSIS/Device/ST/STM32F4xx/Include\stm32f411xe.h(782): note: expanded from macro 'GPIOA'
  782 | #define GPIOA               ((GPIO_TypeDef *) GPIOA_BASE)
      |                             ^~~~~~~~~~~~~~~~~~~~~~~~~~~~~
GPIO.c(25): note: passing argument to parameter 'GPIOx' here
   25 | void GPIO_Set_Pull      (GPIO_TYPE *GPIOx, uint8_t pin, uint8_t pull)
      |                                     ^
GPIO.c(117): warning: incompatible pointer types passing 'GPIO_TypeDef *' to parameter of type 'GPIO_TYPE *' [-Wincompatible-pointer-types]
  117 |         GPIO_Set_Pull(GPIOA, 7, GPIO_NO_UPDOWN);
      |                       ^~~~~
C:/TAIVE/Keil/Keil/STM32F4xx_DFP/2.17.1/Drivers/CMSIS/Device/ST/STM32F4xx/Include\stm32f411xe.h(782): note: expanded from macro 'GPIOA'
  782 | #define GPIOA               ((GPIO_TypeDef *) GPIOA_BASE)
      |                             ^~~~~~~~~~~~~~~~~~~~~~~~~~~~~
GPIO.c(25): note: passing argument to parameter 'GPIOx' here
   25 | void GPIO_Set_Pull      (GPIO_TYPE *GPIOx, uint8_t pin, uint8_t pull)
      |                                     ^
40 warnings generated.
compiling GPIO.c...
compiling ACTUATOR.c...
compiling ADC.c...
main.c(4): warning: In file included from...
.\DMA.h(7): warning: 'DMA1_BASE' macro redefined [-Wmacro-redefined]
    7 | #define DMA1_BASE 0x40026000UL
      |         ^
C:/TAIVE/Keil/Keil/STM32F4xx_DFP/2.17.1/Drivers/CMSIS/Device/ST/STM32F4xx/Include\stm32f411xe.h(702): note: previous definition is here
  702 | #define DMA1_BASE             (AHB1PERIPH_BASE + 0x6000UL)
      |         ^
main.c(4): warning: In file included from...
.\DMA.h(8): warning: 'DMA2_BASE' macro redefined [-Wmacro-redefined]
    8 | #define DMA2_BASE 0x40026400UL
      |         ^
C:/TAIVE/Keil/Keil/STM32F4xx_DFP/2.17.1/Drivers/CMSIS/Device/ST/STM32F4xx/Include\stm32f411xe.h(711): note: previous definition is here
  711 | #define DMA2_BASE             (AHB1PERIPH_BASE + 0x6400UL)
      |         ^
2 warnings generated.
compiling main.c...
assembling startup_stm32f411xe.s...
DMA.c(2): warning: In file included from...
.\ADC.h(3): warning: In file included from...
C:/TAIVE/Keil/Keil/STM32F4xx_DFP/2.17.1/Drivers/CMSIS/Device/ST/STM32F4xx/Include\stm32f4xx.h(154): warning: In file included from...
C:/TAIVE/Keil/Keil/STM32F4xx_DFP/2.17.1/Drivers/CMSIS/Device/ST/STM32F4xx/Include\stm32f411xe.h(702): warning: 'DMA1_BASE' macro redefined [-Wmacro-redefined]
  702 | #define DMA1_BASE             (AHB1PERIPH_BASE + 0x6000UL)
      |         ^
.\DMA.h(7): note: previous definition is here
    7 | #define DMA1_BASE 0x40026000UL
      |         ^
DMA.c(2): warning: In file included from...
.\ADC.h(3): warning: In file included from...
C:/TAIVE/Keil/Keil/STM32F4xx_DFP/2.17.1/Drivers/CMSIS/Device/ST/STM32F4xx/Include\stm32f4xx.h(154): warning: In file included from...
C:/TAIVE/Keil/Keil/STM32F4xx_DFP/2.17.1/Drivers/CMSIS/Device/ST/STM32F4xx/Include\stm32f411xe.h(711): warning: 'DMA2_BASE' macro redefined [-Wmacro-redefined]
  711 | #define DMA2_BASE             (AHB1PERIPH_BASE + 0x6400UL)
      |         ^
.\DMA.h(8): note: previous definition is here
    8 | #define DMA2_BASE 0x40026400UL
      |         ^
2 warnings generated.
compiling DMA.c...
linking...
Program Size: Code=1820 RO-data=424 RW-data=0 ZI-data=1640  
".\Objects\STM32F411.axf" - 0 Error(s), 44 Warning(s).

<h2>Software Packages used:</h2>

Package Vendor: ARM
                https://www.keil.com/pack/ARM.CMSIS.6.3.0.pack
                ARM::CMSIS@6.3.0
                CMSIS (Common Microcontroller Software Interface Standard)
   * Component: CORE Version: 6.2.0

Package Vendor: Keil
                https://www.keil.com/pack/Keil.STM32F4xx_DFP.2.17.1.pack
                Keil::STM32F4xx_DFP@2.17.1
                STMicroelectronics STM32F4 Series Device Support, Drivers and Examples
   * Component: Startup Version: 2.6.3

<h2>Collection of Component include folders:</h2>
  ./RTE/_Target_1
  C:/TAIVE/Keil/ARM/CMSIS/6.3.0/CMSIS/Core/Include
  C:/TAIVE/Keil/Keil/STM32F4xx_DFP/2.17.1/Drivers/CMSIS/Device/ST/STM32F4xx/Include

<h2>Collection of Component Files used:</h2>

   * Component: ARM::CMSIS:CORE@6.2.0

   * Component: Keil::Device:Startup@2.6.3
      Source file:   MDK/Device/Source/ARM/STM32F4xx_OTP.s
      Include file:  Drivers/CMSIS/Device/ST/STM32F4xx/Include/stm32f4xx.h
      Source file:   MDK/Device/Source/ARM/STM32F411xx_OPT.s
      Source file:   Drivers/CMSIS/Device/ST/STM32F4xx/Source/Templates/arm/startup_stm32f411xe.s
      Source file:   Drivers/CMSIS/Device/ST/STM32F4xx/Source/Templates/system_stm32f4xx.c
Build Time Elapsed:  00:00:03
</pre>
</body>
</html>
